2025-01-25 22:00:22,727 [DEBUG]  Sanic-CORS: Configuring CORS with resources: {'/*': {'origins': ['.*'], 'methods': 'DELETE, GET, HEAD, OPTIONS, PATCH, POST, PUT', 'allow_headers': ['.*'], 'expose_headers': 'filename', 'supports_credentials': True, 'max_age': None, 'send_wildcard': False, 'automatic_options': True, 'vary_header': True, 'resources': {'/*': {'origins': ['*']}}, 'intercept_exceptions': True, 'always_send': True}}
2025-01-25 22:00:22,730 [DEBUG]  Available web server routes: 
/webhooks/rasa                                     GET                            rasa_core_no_api.custom_webhook_RasaChatInput.health
/webhooks/rasa/webhook                             POST                           rasa_core_no_api.custom_webhook_RasaChatInput.receive
/webhooks/rest                                     GET                            rasa_core_no_api.custom_webhook_RestInput.health
/webhooks/rest/webhook                             POST                           rasa_core_no_api.custom_webhook_RestInput.receive
/                                                  GET                            rasa_core_no_api.hello
2025-01-25 22:00:22,730 [INFO ]  Starting Rasa server on http://0.0.0.0:5005
2025-01-25 22:00:22,730 [DEBUG]  Using the default number of Sanic workers (1).
2025-01-25 22:00:22,810 [DEBUG]  Skipping telemetry reporting: no license hash found.
2025-01-25 22:00:22,834 [DEBUG]  Connected to InMemoryTrackerStore.
2025-01-25 22:00:22,834 [DEBUG]  Connected to lock store 'InMemoryLockStore'.
2025-01-25 22:00:22,834 [DEBUG]  Instantiated NLG to 'TemplatedNaturalLanguageGenerator'.
2025-01-25 22:00:22,834 [INFO ]  Loading model models/20250125-212836-maximum-inverse.tar.gz...
2025-01-25 22:00:22,884 [DEBUG]  Extracted model to '/var/folders/j9/jbdsh2s91z9dy94f4wbjzp4c0000gn/T/tmpni40jbxx'.
2025-01-25 22:00:22,886 [DEBUG]  Node 'nlu_message_converter' loading 'NLUMessageConverter.load' and kwargs: '{}'.
2025-01-25 22:00:22,886 [DEBUG]  Node 'run_WhitespaceTokenizer0' loading 'WhitespaceTokenizer.load' and kwargs: '{}'.
2025-01-25 22:00:22,887 [DEBUG]  Node 'run_RegexFeaturizer1' loading 'RegexFeaturizer.load' and kwargs: '{}'.
2025-01-25 22:00:22,887 [DEBUG]  Resource 'train_RegexFeaturizer1' was requested for reading.
2025-01-25 22:00:22,887 [DEBUG]  Node 'run_LexicalSyntacticFeaturizer2' loading 'LexicalSyntacticFeaturizer.load' and kwargs: '{}'.
2025-01-25 22:00:22,887 [DEBUG]  Resource 'train_LexicalSyntacticFeaturizer2' was requested for reading.
2025-01-25 22:00:22,887 [DEBUG]  Node 'run_CountVectorsFeaturizer3' loading 'CountVectorsFeaturizer.load' and kwargs: '{}'.
2025-01-25 22:00:22,887 [DEBUG]  Resource 'train_CountVectorsFeaturizer3' was requested for reading.
2025-01-25 22:00:22,888 [DEBUG]  Node 'run_LanguageModelFeaturizer4' loading 'LanguageModelFeaturizer.load' and kwargs: '{}'.
2025-01-25 22:00:23,407 [DEBUG]  Loading Tokenizer and Model for bert
2025-01-25 22:00:23,465 [DEBUG]  Starting new HTTPS connection (1): huggingface.co:443
2025-01-25 22:00:23,818 [DEBUG]  https://huggingface.co:443 "HEAD /bert-base-cased/resolve/main/tokenizer_config.json HTTP/1.1" 200 0
2025-01-25 22:00:24,289 [DEBUG]  https://huggingface.co:443 "HEAD /bert-base-cased/resolve/main/config.json HTTP/1.1" 200 0
2025-01-25 22:00:25,583 [DEBUG]  Node 'run_DIETClassifier5' loading 'DIETClassifier.load' and kwargs: '{}'.
2025-01-25 22:00:25,583 [DEBUG]  Resource 'train_DIETClassifier5' was requested for reading.
2025-01-25 22:00:25,584 [DEBUG]  Loading the model from /var/folders/j9/jbdsh2s91z9dy94f4wbjzp4c0000gn/T/tmpplhzfmzq/train_DIETClassifier5/DIETClassifier.tf_model with finetune_mode=False...
2025-01-25 22:00:25,593 [DEBUG]  You specified 'DIET' to train entities, but no entities are present in the training data. Skipping training of entities.
2025-01-25 22:00:25,603 [DEBUG]  Following metrics will be logged during training: 
2025-01-25 22:00:25,603 [DEBUG]    t_loss (total loss)
2025-01-25 22:00:25,603 [DEBUG]    i_acc (intent acc)
2025-01-25 22:00:25,603 [DEBUG]    i_loss (intent loss)
2025-01-25 22:00:25,615 [WARNI]  At this time, the v2.11+ optimizer `tf.keras.optimizers.Adam` runs slowly on M1/M2 Macs, please use the legacy Keras optimizer instead, located at `tf.keras.optimizers.legacy.Adam`.
2025-01-25 22:00:25,616 [WARNI]  There is a known slowdown when using v2.11+ Keras optimizers on M1/M2 Macs. Falling back to the legacy Keras optimizer, i.e., `tf.keras.optimizers.legacy.Adam`.
2025-01-25 22:00:28,315 [DEBUG]  Finished loading the model.
2025-01-25 22:00:28,321 [DEBUG]  Node 'run_EntitySynonymMapper6' loading 'EntitySynonymMapper.load' and kwargs: '{}'.
2025-01-25 22:00:28,321 [DEBUG]  Resource 'train_EntitySynonymMapper6' was requested for reading.
2025-01-25 22:00:28,321 [DEBUG]  Failed to load ABCMeta from model storage. Resource 'train_EntitySynonymMapper6' doesn't exist.
2025-01-25 22:00:28,321 [DEBUG]  Node 'run_ResponseSelector7' loading 'ResponseSelector.load' and kwargs: '{}'.
2025-01-25 22:00:28,322 [DEBUG]  Resource 'train_ResponseSelector7' was requested for reading.
2025-01-25 22:00:28,322 [DEBUG]  Failed to load ABCMeta from model storage. Resource 'train_ResponseSelector7' doesn't exist.
2025-01-25 22:00:28,322 [DEBUG]  Resource 'train_ResponseSelector7' was requested for reading.
2025-01-25 22:00:28,322 [DEBUG]  Failed to load ResponseSelector from model storage. Resource 'train_ResponseSelector7' doesn't exist.
2025-01-25 22:00:28,322 [DEBUG]  Node 'run_RegexMessageHandler' loading 'RegexMessageHandler.load' and kwargs: '{}'.
2025-01-25 22:00:28,322 [DEBUG]  Node 'domain_provider' loading 'DomainProvider.load' and kwargs: '{}'.
2025-01-25 22:00:28,322 [DEBUG]  Resource 'domain_provider' was requested for reading.
2025-01-25 22:00:28,333 [DEBUG]  Node 'run_MemoizationPolicy0' loading 'MemoizationPolicy.load' and kwargs: '{}'.
2025-01-25 22:00:28,333 [DEBUG]  Resource 'train_MemoizationPolicy0' was requested for reading.
2025-01-25 22:00:28,333 [DEBUG]  Node 'run_RulePolicy1' loading 'RulePolicy.load' and kwargs: '{}'.
2025-01-25 22:00:28,333 [DEBUG]  Resource 'train_RulePolicy1' was requested for reading.
2025-01-25 22:00:28,333 [DEBUG]  Node 'run_TEDPolicy2' loading 'TEDPolicy.load' and kwargs: '{}'.
2025-01-25 22:00:28,333 [DEBUG]  Resource 'train_TEDPolicy2' was requested for reading.
2025-01-25 22:00:28,334 [DEBUG]  Loading the model from /var/folders/j9/jbdsh2s91z9dy94f4wbjzp4c0000gn/T/tmpplhzfmzq/train_TEDPolicy2/ted_policy.tf_model with finetune_mode=False...
2025-01-25 22:00:28,357 [WARNI]  At this time, the v2.11+ optimizer `tf.keras.optimizers.Adam` runs slowly on M1/M2 Macs, please use the legacy Keras optimizer instead, located at `tf.keras.optimizers.legacy.Adam`.
2025-01-25 22:00:28,358 [WARNI]  There is a known slowdown when using v2.11+ Keras optimizers on M1/M2 Macs. Falling back to the legacy Keras optimizer, i.e., `tf.keras.optimizers.legacy.Adam`.
2025-01-25 22:00:31,744 [DEBUG]  Finished loading the model.
2025-01-25 22:00:31,745 [DEBUG]  Node 'rule_only_data_provider' loading 'RuleOnlyDataProvider.load' and kwargs: '{}'.
2025-01-25 22:00:31,745 [DEBUG]  Resource 'train_RulePolicy1' was requested for reading.
2025-01-25 22:00:31,745 [DEBUG]  Node 'select_prediction' loading 'DefaultPolicyPredictionEnsemble.load' and kwargs: '{}'.
2025-01-25 22:00:31,749 [INFO ]  Rasa server is up and running.
2025-01-25 22:00:31,749 [INFO ]  Enabling coroutine debugging. Loop id 11664464240.
2025-01-25 22:01:37,920 [DEBUG]  Issuing ticket for conversation 'PractikumStudent'.
2025-01-25 22:01:37,920 [DEBUG]  Acquiring lock for conversation 'PractikumStudent'.
2025-01-25 22:01:37,920 [DEBUG]  Acquired lock for conversation 'PractikumStudent'.
2025-01-25 22:01:37,920 [DEBUG]  Could not find tracker for conversation ID 'PractikumStudent'.
2025-01-25 22:01:37,920 [DEBUG]  No event broker configured. Skipping streaming events.
2025-01-25 22:01:37,921 [DEBUG]  Starting a new session for conversation ID 'PractikumStudent'.
2025-01-25 22:01:37,922 [DEBUG]  [[32m[1mdebug    [0m] [1mprocessor.actions.policy_prediction[0m [36mprediction_events[0m=[35m[][0m
2025-01-25 22:01:37,922 [DEBUG]  [[32m[1mdebug    [0m] [1mprocessor.actions.log         [0m [36maction_name[0m=[35maction_session_start[0m [36mrasa_events[0m=[35m[<rasa.shared.core.events.SessionStarted object at 0x2fb709ee0>, ActionExecuted(action: action_listen, policy: None, confidence: None)][0m
2025-01-25 22:01:37,922 [DEBUG]  [[32m[1mdebug    [0m] [1mprocessor.slots.log           [0m [36mslot_values[0m=[35m	topic: None
	session_started_metadata: None[0m
2025-01-25 22:01:37,923 [DEBUG]  Running graph with inputs: {'__message__': [<rasa.core.channels.channel.UserMessage object at 0x2fafc7610>], '__tracker__': <rasa.shared.core.trackers.DialogueStateTracker object at 0x2fafc7430>}, targets: ['run_RegexMessageHandler'] and ExecutionContext(model_id='450cadfa4ff04a1ea7fec9d21a7ea6a9', should_add_diagnostic_data=False, is_finetuning=False, node_name=None).
2025-01-25 22:01:37,923 [DEBUG]  Node 'nlu_message_converter' running 'NLUMessageConverter.convert_user_message'.
2025-01-25 22:01:37,923 [DEBUG]  Node 'run_WhitespaceTokenizer0' running 'WhitespaceTokenizer.process'.
2025-01-25 22:01:37,924 [DEBUG]  Node 'run_RegexFeaturizer1' running 'RegexFeaturizer.process'.
2025-01-25 22:01:37,924 [DEBUG]  Node 'run_LexicalSyntacticFeaturizer2' running 'LexicalSyntacticFeaturizer.process'.
2025-01-25 22:01:37,924 [DEBUG]  Node 'run_CountVectorsFeaturizer3' running 'CountVectorsFeaturizer.process'.
2025-01-25 22:01:37,925 [DEBUG]  Node 'run_LanguageModelFeaturizer4' running 'LanguageModelFeaturizer.process'.
2025-01-25 22:01:38,012 [DEBUG]  Node 'run_DIETClassifier5' running 'DIETClassifier.process'.
2025-01-25 22:01:38,074 [DEBUG]  Node 'run_EntitySynonymMapper6' running 'EntitySynonymMapper.process'.
2025-01-25 22:01:38,074 [DEBUG]  Node 'run_ResponseSelector7' running 'ResponseSelector.process'.
2025-01-25 22:01:38,074 [DEBUG]  There is no trained model for 'ResponseSelector': The component is either not trained or didn't receive enough training data.
2025-01-25 22:01:38,074 [DEBUG]  Adding following selector key to message property: default
2025-01-25 22:01:38,074 [DEBUG]  Node 'domain_provider' running 'DomainProvider.provide_inference'.
2025-01-25 22:01:38,074 [DEBUG]  Node 'run_RegexMessageHandler' running 'RegexMessageHandler.process'.
2025-01-25 22:01:38,074 [DEBUG]  [[32m[1mdebug    [0m] [1mprocessor.message.parse       [0m [36mparse_data_entities[0m=[35m[][0m [36mparse_data_intent[0m=[35m{'name': 'greet', 'confidence': 0.4816369414329529}[0m [36mparse_data_text[0m=[35mПривет[0m
2025-01-25 22:01:38,074 [DEBUG]  Logged UserUtterance - tracker now has 4 events.
2025-01-25 22:01:38,075 [DEBUG]  Validating extracted slots: topic
2025-01-25 22:01:38,075 [DEBUG]  [[32m[1mdebug    [0m] [1mprocessor.extract.slots       [0m [36maction_extract_slot[0m=[35maction_extract_slots[0m [36mlen_extraction_events[0m=[35m1[0m [36mrasa_events[0m=[35m[SlotSet(key: topic, value: Привет)][0m
2025-01-25 22:01:38,076 [DEBUG]  Running graph with inputs: {'__tracker__': <rasa.shared.core.trackers.DialogueStateTracker object at 0x2fafc7430>}, targets: ['select_prediction'] and ExecutionContext(model_id='450cadfa4ff04a1ea7fec9d21a7ea6a9', should_add_diagnostic_data=False, is_finetuning=False, node_name=None).
2025-01-25 22:01:38,076 [DEBUG]  Node 'rule_only_data_provider' running 'RuleOnlyDataProvider.provide'.
2025-01-25 22:01:38,076 [DEBUG]  Node 'domain_provider' running 'DomainProvider.provide_inference'.
2025-01-25 22:01:38,076 [DEBUG]  Node 'run_MemoizationPolicy0' running 'MemoizationPolicy.predict_action_probabilities'.
2025-01-25 22:01:38,076 [DEBUG]  [[32m[1mdebug    [0m] [1mmemoization.predict.actions   [0m [36mtracker_states[0m=[35m[{}, {'user': {'intent': 'greet'}, 'prev_action': {'action_name': 'action_listen'}}][0m
2025-01-25 22:01:38,076 [DEBUG]  There is a memorised next action 'utter_greet'
2025-01-25 22:01:38,076 [DEBUG]  Node 'run_RulePolicy1' running 'RulePolicy.predict_action_probabilities'.
2025-01-25 22:01:38,076 [DEBUG]  [[32m[1mdebug    [0m] [1mrule_policy.actions.find      [0m [36mcurrent_states[0m=[35m
[state 1] user text: Привет | previous action name: action_listen[0m
2025-01-25 22:01:38,076 [DEBUG]  There is no applicable rule.
2025-01-25 22:01:38,076 [DEBUG]  [[32m[1mdebug    [0m] [1mrule_policy.actions.find      [0m [36mcurrent_states[0m=[35m
[state 1] user intent: greet | previous action name: action_listen[0m
2025-01-25 22:01:38,077 [DEBUG]  There is a rule for the next action 'utter_greet'.
2025-01-25 22:01:38,077 [DEBUG]  Node 'run_TEDPolicy2' running 'TEDPolicy.predict_action_probabilities'.
2025-01-25 22:01:38,078 [DEBUG]  TED predicted 'utter_greet' based on user intent.
2025-01-25 22:01:38,078 [DEBUG]  Node 'select_prediction' running 'DefaultPolicyPredictionEnsemble.combine_predictions_from_kwargs'.
2025-01-25 22:01:38,078 [DEBUG]  Made prediction using user intent.
2025-01-25 22:01:38,078 [DEBUG]  Added `DefinePrevUserUtteredFeaturization(False)` event.
2025-01-25 22:01:38,078 [DEBUG]  Predicted next action using RulePolicy.
2025-01-25 22:01:38,078 [DEBUG]  Predicted next action 'utter_greet' with confidence 1.00.
2025-01-25 22:01:38,079 [DEBUG]  [[32m[1mdebug    [0m] [1mprocessor.actions.policy_prediction[0m [36mprediction_events[0m=[35m[<rasa.shared.core.events.DefinePrevUserUtteredFeaturization object at 0x2fb709910>][0m
2025-01-25 22:01:38,079 [DEBUG]  [[32m[1mdebug    [0m] [1mprocessor.actions.log         [0m [36maction_name[0m=[35mutter_greet[0m [36mrasa_events[0m=[35m[BotUttered('Привет! Чем могу помочь в области архитектуры программного обеспечения?', {"elements": null, "quick_replies": null, "buttons": null, "attachment": null, "image": null, "custom": null}, {"utter_action": "utter_greet"}, 1737831698.079198)][0m
2025-01-25 22:01:38,079 [DEBUG]  Running graph with inputs: {'__tracker__': <rasa.shared.core.trackers.DialogueStateTracker object at 0x2fafc7430>}, targets: ['select_prediction'] and ExecutionContext(model_id='450cadfa4ff04a1ea7fec9d21a7ea6a9', should_add_diagnostic_data=False, is_finetuning=False, node_name=None).
2025-01-25 22:01:38,079 [DEBUG]  Node 'rule_only_data_provider' running 'RuleOnlyDataProvider.provide'.
2025-01-25 22:01:38,079 [DEBUG]  Node 'domain_provider' running 'DomainProvider.provide_inference'.
2025-01-25 22:01:38,079 [DEBUG]  Node 'run_MemoizationPolicy0' running 'MemoizationPolicy.predict_action_probabilities'.
2025-01-25 22:01:38,079 [DEBUG]  [[32m[1mdebug    [0m] [1mmemoization.predict.actions   [0m [36mtracker_states[0m=[35m[{'user': {'intent': 'greet'}, 'prev_action': {'action_name': 'action_listen'}}, {'user': {'intent': 'greet'}, 'prev_action': {'action_name': 'utter_greet'}}][0m
2025-01-25 22:01:38,079 [DEBUG]  There is a memorised next action 'action_listen'
2025-01-25 22:01:38,079 [DEBUG]  Node 'run_RulePolicy1' running 'RulePolicy.predict_action_probabilities'.
2025-01-25 22:01:38,080 [DEBUG]  [[32m[1mdebug    [0m] [1mrule_policy.actions.find      [0m [36mcurrent_states[0m=[35m
[state 1] user intent: greet | previous action name: action_listen
[state 2] user intent: greet | previous action name: utter_greet[0m
2025-01-25 22:01:38,080 [DEBUG]  There is a rule for the next action 'action_listen'.
2025-01-25 22:01:38,080 [DEBUG]  Node 'run_TEDPolicy2' running 'TEDPolicy.predict_action_probabilities'.
2025-01-25 22:01:38,081 [DEBUG]  TED predicted 'action_listen' based on user intent.
2025-01-25 22:01:38,081 [DEBUG]  Node 'select_prediction' running 'DefaultPolicyPredictionEnsemble.combine_predictions_from_kwargs'.
2025-01-25 22:01:38,081 [DEBUG]  Predicted next action using RulePolicy.
2025-01-25 22:01:38,081 [DEBUG]  Predicted next action 'action_listen' with confidence 1.00.
2025-01-25 22:01:38,081 [DEBUG]  [[32m[1mdebug    [0m] [1mprocessor.actions.policy_prediction[0m [36mprediction_events[0m=[35m[][0m
2025-01-25 22:01:38,081 [DEBUG]  [[32m[1mdebug    [0m] [1mprocessor.actions.log         [0m [36maction_name[0m=[35maction_listen[0m [36mrasa_events[0m=[35m[][0m
2025-01-25 22:01:38,081 [DEBUG]  No event broker configured. Skipping streaming events.
2025-01-25 22:01:38,082 [DEBUG]  Deleted lock for conversation 'PractikumStudent'.
2025-01-25 22:01:46,290 [DEBUG]  Issuing ticket for conversation 'PractikumStudent'.
2025-01-25 22:01:46,291 [DEBUG]  Acquiring lock for conversation 'PractikumStudent'.
2025-01-25 22:01:46,291 [DEBUG]  Acquired lock for conversation 'PractikumStudent'.
2025-01-25 22:01:46,291 [DEBUG]  Recreating tracker for id 'PractikumStudent'
2025-01-25 22:01:46,293 [DEBUG]  Running graph with inputs: {'__message__': [<rasa.core.channels.channel.UserMessage object at 0x2fc10e6a0>], '__tracker__': <rasa.shared.core.trackers.DialogueStateTracker object at 0x2fafc7550>}, targets: ['run_RegexMessageHandler'] and ExecutionContext(model_id='450cadfa4ff04a1ea7fec9d21a7ea6a9', should_add_diagnostic_data=False, is_finetuning=False, node_name=None).
2025-01-25 22:01:46,294 [DEBUG]  Node 'nlu_message_converter' running 'NLUMessageConverter.convert_user_message'.
2025-01-25 22:01:46,294 [DEBUG]  Node 'run_WhitespaceTokenizer0' running 'WhitespaceTokenizer.process'.
2025-01-25 22:01:46,294 [DEBUG]  Node 'run_RegexFeaturizer1' running 'RegexFeaturizer.process'.
2025-01-25 22:01:46,294 [DEBUG]  Node 'run_LexicalSyntacticFeaturizer2' running 'LexicalSyntacticFeaturizer.process'.
2025-01-25 22:01:46,295 [DEBUG]  Node 'run_CountVectorsFeaturizer3' running 'CountVectorsFeaturizer.process'.
2025-01-25 22:01:46,296 [DEBUG]  Node 'run_LanguageModelFeaturizer4' running 'LanguageModelFeaturizer.process'.
2025-01-25 22:01:46,410 [DEBUG]  Node 'run_DIETClassifier5' running 'DIETClassifier.process'.
2025-01-25 22:01:46,412 [DEBUG]  Node 'run_EntitySynonymMapper6' running 'EntitySynonymMapper.process'.
2025-01-25 22:01:46,412 [DEBUG]  Node 'run_ResponseSelector7' running 'ResponseSelector.process'.
2025-01-25 22:01:46,412 [DEBUG]  There is no trained model for 'ResponseSelector': The component is either not trained or didn't receive enough training data.
2025-01-25 22:01:46,412 [DEBUG]  Adding following selector key to message property: default
2025-01-25 22:01:46,412 [DEBUG]  Node 'domain_provider' running 'DomainProvider.provide_inference'.
2025-01-25 22:01:46,412 [DEBUG]  Node 'run_RegexMessageHandler' running 'RegexMessageHandler.process'.
2025-01-25 22:01:46,412 [DEBUG]  [[32m[1mdebug    [0m] [1mprocessor.message.parse       [0m [36mparse_data_entities[0m=[35m[][0m [36mparse_data_intent[0m=[35m{'name': 'ask_architecture', 'confidence': 0.7583963871002197}[0m [36mparse_data_text[0m=[35mРасскажи об архитектуре ПО[0m
2025-01-25 22:01:46,412 [DEBUG]  Logged UserUtterance - tracker now has 10 events.
2025-01-25 22:01:46,412 [DEBUG]  Validating extracted slots: topic
2025-01-25 22:01:46,412 [DEBUG]  [[32m[1mdebug    [0m] [1mprocessor.extract.slots       [0m [36maction_extract_slot[0m=[35maction_extract_slots[0m [36mlen_extraction_events[0m=[35m1[0m [36mrasa_events[0m=[35m[SlotSet(key: topic, value: Расскажи об архитектуре ПО)][0m
2025-01-25 22:01:46,413 [DEBUG]  Running graph with inputs: {'__tracker__': <rasa.shared.core.trackers.DialogueStateTracker object at 0x2fafc7550>}, targets: ['select_prediction'] and ExecutionContext(model_id='450cadfa4ff04a1ea7fec9d21a7ea6a9', should_add_diagnostic_data=False, is_finetuning=False, node_name=None).
2025-01-25 22:01:46,413 [DEBUG]  Node 'rule_only_data_provider' running 'RuleOnlyDataProvider.provide'.
2025-01-25 22:01:46,413 [DEBUG]  Node 'domain_provider' running 'DomainProvider.provide_inference'.
2025-01-25 22:01:46,413 [DEBUG]  Node 'run_MemoizationPolicy0' running 'MemoizationPolicy.predict_action_probabilities'.
2025-01-25 22:01:46,413 [DEBUG]  [[32m[1mdebug    [0m] [1mmemoization.predict.actions   [0m [36mtracker_states[0m=[35m[{'user': {'intent': 'greet'}, 'prev_action': {'action_name': 'utter_greet'}}, {'user': {'intent': 'ask_architecture'}, 'prev_action': {'action_name': 'action_listen'}}][0m
2025-01-25 22:01:46,413 [DEBUG]  There is a memorised next action 'utter_architecture_response'
2025-01-25 22:01:46,413 [DEBUG]  Node 'run_RulePolicy1' running 'RulePolicy.predict_action_probabilities'.
2025-01-25 22:01:46,413 [DEBUG]  [[32m[1mdebug    [0m] [1mrule_policy.actions.find      [0m [36mcurrent_states[0m=[35m
[state 1] user intent: greet | previous action name: action_listen
[state 2] user intent: greet | previous action name: utter_greet
[state 3] user text: Расскажи об архитектуре ПО | previous action name: action_listen[0m
2025-01-25 22:01:46,413 [DEBUG]  There is no applicable rule.
2025-01-25 22:01:46,413 [DEBUG]  [[32m[1mdebug    [0m] [1mrule_policy.actions.find      [0m [36mcurrent_states[0m=[35m
[state 1] user intent: greet | previous action name: action_listen
[state 2] user intent: greet | previous action name: utter_greet
[state 3] user intent: ask_architecture | previous action name: action_listen[0m
2025-01-25 22:01:46,414 [DEBUG]  There is a rule for the next action 'utter_architecture_response'.
2025-01-25 22:01:46,414 [DEBUG]  Node 'run_TEDPolicy2' running 'TEDPolicy.predict_action_probabilities'.
2025-01-25 22:01:46,415 [DEBUG]  TED predicted 'utter_architecture_response' based on user intent.
2025-01-25 22:01:46,415 [DEBUG]  Node 'select_prediction' running 'DefaultPolicyPredictionEnsemble.combine_predictions_from_kwargs'.
2025-01-25 22:01:46,415 [DEBUG]  Made prediction using user intent.
2025-01-25 22:01:46,415 [DEBUG]  Added `DefinePrevUserUtteredFeaturization(False)` event.
2025-01-25 22:01:46,415 [DEBUG]  Predicted next action using RulePolicy.
2025-01-25 22:01:46,415 [DEBUG]  Predicted next action 'utter_architecture_response' with confidence 1.00.
2025-01-25 22:01:46,416 [DEBUG]  [[32m[1mdebug    [0m] [1mprocessor.actions.policy_prediction[0m [36mprediction_events[0m=[35m[<rasa.shared.core.events.DefinePrevUserUtteredFeaturization object at 0x2fe5e8e20>][0m
2025-01-25 22:01:46,416 [DEBUG]  [[32m[1mdebug    [0m] [1mprocessor.actions.log         [0m [36maction_name[0m=[35mutter_architecture_response[0m [36mrasa_events[0m=[35m[BotUttered('Архитектура ПО включает выбор структур, которые обеспечивают масштабируемость, гибкость и поддерживаемость приложения. Задайте конкретный вопрос по этой теме, и я помогу вам с информацией.', {"elements": null, "quick_replies": null, "buttons": null, "attachment": null, "image": null, "custom": null}, {"utter_action": "utter_architecture_response"}, 1737831706.4160361)][0m
2025-01-25 22:01:46,416 [DEBUG]  Running graph with inputs: {'__tracker__': <rasa.shared.core.trackers.DialogueStateTracker object at 0x2fafc7550>}, targets: ['select_prediction'] and ExecutionContext(model_id='450cadfa4ff04a1ea7fec9d21a7ea6a9', should_add_diagnostic_data=False, is_finetuning=False, node_name=None).
2025-01-25 22:01:46,416 [DEBUG]  Node 'rule_only_data_provider' running 'RuleOnlyDataProvider.provide'.
2025-01-25 22:01:46,416 [DEBUG]  Node 'domain_provider' running 'DomainProvider.provide_inference'.
2025-01-25 22:01:46,416 [DEBUG]  Node 'run_MemoizationPolicy0' running 'MemoizationPolicy.predict_action_probabilities'.
2025-01-25 22:01:46,416 [DEBUG]  [[32m[1mdebug    [0m] [1mmemoization.predict.actions   [0m [36mtracker_states[0m=[35m[{'user': {'intent': 'ask_architecture'}, 'prev_action': {'action_name': 'action_listen'}}, {'user': {'intent': 'ask_architecture'}, 'prev_action': {'action_name': 'utter_architecture_response'}}][0m
2025-01-25 22:01:46,416 [DEBUG]  There is a memorised next action 'action_listen'
2025-01-25 22:01:46,416 [DEBUG]  Node 'run_RulePolicy1' running 'RulePolicy.predict_action_probabilities'.
2025-01-25 22:01:46,416 [DEBUG]  [[32m[1mdebug    [0m] [1mrule_policy.actions.find      [0m [36mcurrent_states[0m=[35m
[state 1] user intent: greet | previous action name: action_listen
[state 2] user intent: greet | previous action name: utter_greet
[state 3] user intent: ask_architecture | previous action name: action_listen
[state 4] user intent: ask_architecture | previous action name: utter_architecture_response[0m
2025-01-25 22:01:46,416 [DEBUG]  There is a rule for the next action 'action_listen'.
2025-01-25 22:01:46,417 [DEBUG]  Node 'run_TEDPolicy2' running 'TEDPolicy.predict_action_probabilities'.
2025-01-25 22:01:46,418 [DEBUG]  TED predicted 'action_listen' based on user intent.
2025-01-25 22:01:46,418 [DEBUG]  Node 'select_prediction' running 'DefaultPolicyPredictionEnsemble.combine_predictions_from_kwargs'.
2025-01-25 22:01:46,418 [DEBUG]  Predicted next action using RulePolicy.
2025-01-25 22:01:46,418 [DEBUG]  Predicted next action 'action_listen' with confidence 1.00.
2025-01-25 22:01:46,418 [DEBUG]  [[32m[1mdebug    [0m] [1mprocessor.actions.policy_prediction[0m [36mprediction_events[0m=[35m[][0m
2025-01-25 22:01:46,418 [DEBUG]  [[32m[1mdebug    [0m] [1mprocessor.actions.log         [0m [36maction_name[0m=[35maction_listen[0m [36mrasa_events[0m=[35m[][0m
2025-01-25 22:01:46,418 [DEBUG]  No event broker configured. Skipping streaming events.
2025-01-25 22:01:46,419 [DEBUG]  Deleted lock for conversation 'PractikumStudent'.
2025-01-25 22:02:04,410 [DEBUG]  Issuing ticket for conversation 'PractikumStudent'.
2025-01-25 22:02:04,411 [DEBUG]  Acquiring lock for conversation 'PractikumStudent'.
2025-01-25 22:02:04,411 [DEBUG]  Acquired lock for conversation 'PractikumStudent'.
2025-01-25 22:02:04,411 [DEBUG]  Recreating tracker for id 'PractikumStudent'
2025-01-25 22:02:04,413 [DEBUG]  Running graph with inputs: {'__message__': [<rasa.core.channels.channel.UserMessage object at 0x30062cf70>], '__tracker__': <rasa.shared.core.trackers.DialogueStateTracker object at 0x2fe5e8850>}, targets: ['run_RegexMessageHandler'] and ExecutionContext(model_id='450cadfa4ff04a1ea7fec9d21a7ea6a9', should_add_diagnostic_data=False, is_finetuning=False, node_name=None).
2025-01-25 22:02:04,414 [DEBUG]  Node 'nlu_message_converter' running 'NLUMessageConverter.convert_user_message'.
2025-01-25 22:02:04,414 [DEBUG]  Node 'run_WhitespaceTokenizer0' running 'WhitespaceTokenizer.process'.
2025-01-25 22:02:04,414 [DEBUG]  Node 'run_RegexFeaturizer1' running 'RegexFeaturizer.process'.
2025-01-25 22:02:04,414 [DEBUG]  Node 'run_LexicalSyntacticFeaturizer2' running 'LexicalSyntacticFeaturizer.process'.
2025-01-25 22:02:04,415 [DEBUG]  Node 'run_CountVectorsFeaturizer3' running 'CountVectorsFeaturizer.process'.
2025-01-25 22:02:04,416 [DEBUG]  Node 'run_LanguageModelFeaturizer4' running 'LanguageModelFeaturizer.process'.
2025-01-25 22:02:04,535 [DEBUG]  Node 'run_DIETClassifier5' running 'DIETClassifier.process'.
2025-01-25 22:02:04,537 [DEBUG]  Node 'run_EntitySynonymMapper6' running 'EntitySynonymMapper.process'.
2025-01-25 22:02:04,537 [DEBUG]  Node 'run_ResponseSelector7' running 'ResponseSelector.process'.
2025-01-25 22:02:04,537 [DEBUG]  There is no trained model for 'ResponseSelector': The component is either not trained or didn't receive enough training data.
2025-01-25 22:02:04,537 [DEBUG]  Adding following selector key to message property: default
2025-01-25 22:02:04,537 [DEBUG]  Node 'domain_provider' running 'DomainProvider.provide_inference'.
2025-01-25 22:02:04,537 [DEBUG]  Node 'run_RegexMessageHandler' running 'RegexMessageHandler.process'.
2025-01-25 22:02:04,537 [DEBUG]  [[32m[1mdebug    [0m] [1mprocessor.message.parse       [0m [36mparse_data_entities[0m=[35m[][0m [36mparse_data_intent[0m=[35m{'name': 'ask_microservices_flexibility', 'confidence': 0.6639242172241211}[0m [36mparse_data_text[0m=[35mКак микросервисы обеспечивают гибкость?[0m
2025-01-25 22:02:04,537 [DEBUG]  Logged UserUtterance - tracker now has 16 events.
2025-01-25 22:02:04,538 [DEBUG]  Validating extracted slots: topic
2025-01-25 22:02:04,538 [DEBUG]  [[32m[1mdebug    [0m] [1mprocessor.extract.slots       [0m [36maction_extract_slot[0m=[35maction_extract_slots[0m [36mlen_extraction_events[0m=[35m1[0m [36mrasa_events[0m=[35m[SlotSet(key: topic, value: Как микросервисы обеспечивают гибкость?)][0m
2025-01-25 22:02:04,538 [DEBUG]  Running graph with inputs: {'__tracker__': <rasa.shared.core.trackers.DialogueStateTracker object at 0x2fe5e8850>}, targets: ['select_prediction'] and ExecutionContext(model_id='450cadfa4ff04a1ea7fec9d21a7ea6a9', should_add_diagnostic_data=False, is_finetuning=False, node_name=None).
2025-01-25 22:02:04,538 [DEBUG]  Node 'rule_only_data_provider' running 'RuleOnlyDataProvider.provide'.
2025-01-25 22:02:04,538 [DEBUG]  Node 'domain_provider' running 'DomainProvider.provide_inference'.
2025-01-25 22:02:04,538 [DEBUG]  Node 'run_MemoizationPolicy0' running 'MemoizationPolicy.predict_action_probabilities'.
2025-01-25 22:02:04,538 [DEBUG]  [[32m[1mdebug    [0m] [1mmemoization.predict.actions   [0m [36mtracker_states[0m=[35m[{'user': {'intent': 'ask_architecture'}, 'prev_action': {'action_name': 'utter_architecture_response'}}, {'user': {'intent': 'ask_microservices_flexibility'}, 'prev_action': {'action_name': 'action_listen'}}][0m
2025-01-25 22:02:04,538 [DEBUG]  There is no memorised next action
2025-01-25 22:02:04,538 [DEBUG]  Node 'run_RulePolicy1' running 'RulePolicy.predict_action_probabilities'.
2025-01-25 22:02:04,538 [DEBUG]  [[32m[1mdebug    [0m] [1mrule_policy.actions.find      [0m [36mcurrent_states[0m=[35m
[state 1] user intent: greet | previous action name: action_listen
[state 2] user intent: greet | previous action name: utter_greet
[state 3] user intent: ask_architecture | previous action name: action_listen
[state 4] user intent: ask_architecture | previous action name: utter_architecture_response
[state 5] user text: Как микросервисы обеспечивают гибкость? | previous action name: action_listen[0m
2025-01-25 22:02:04,539 [DEBUG]  There is no applicable rule.
2025-01-25 22:02:04,539 [DEBUG]  [[32m[1mdebug    [0m] [1mrule_policy.actions.find      [0m [36mcurrent_states[0m=[35m
[state 1] user intent: greet | previous action name: action_listen
[state 2] user intent: greet | previous action name: utter_greet
[state 3] user intent: ask_architecture | previous action name: action_listen
[state 4] user intent: ask_architecture | previous action name: utter_architecture_response
[state 5] user intent: ask_microservices_flexibility | previous action name: action_listen[0m
2025-01-25 22:02:04,539 [DEBUG]  There is a rule for the next action 'utter_microservices_flexibility'.
2025-01-25 22:02:04,539 [DEBUG]  Node 'run_TEDPolicy2' running 'TEDPolicy.predict_action_probabilities'.
2025-01-25 22:02:04,540 [DEBUG]  TED predicted 'utter_microservices_flexibility' based on user intent.
2025-01-25 22:02:04,541 [DEBUG]  Node 'select_prediction' running 'DefaultPolicyPredictionEnsemble.combine_predictions_from_kwargs'.
2025-01-25 22:02:04,541 [DEBUG]  Made prediction using user intent.
2025-01-25 22:02:04,541 [DEBUG]  Added `DefinePrevUserUtteredFeaturization(False)` event.
2025-01-25 22:02:04,541 [DEBUG]  Predicted next action using RulePolicy.
2025-01-25 22:02:04,541 [DEBUG]  Predicted next action 'utter_microservices_flexibility' with confidence 1.00.
2025-01-25 22:02:04,541 [DEBUG]  [[32m[1mdebug    [0m] [1mprocessor.actions.policy_prediction[0m [36mprediction_events[0m=[35m[<rasa.shared.core.events.DefinePrevUserUtteredFeaturization object at 0x2fe5e85e0>][0m
2025-01-25 22:02:04,541 [DEBUG]  [[32m[1mdebug    [0m] [1mprocessor.actions.log         [0m [36maction_name[0m=[35mutter_microservices_flexibility[0m [36mrasa_events[0m=[35m[BotUttered('Микросервисы обеспечивают гибкость благодаря независимости компонентов, их автономности и возможности разрабатывать и масштабировать их независимо.', {"elements": null, "quick_replies": null, "buttons": null, "attachment": null, "image": null, "custom": null}, {"utter_action": "utter_microservices_flexibility"}, 1737831724.541337)][0m
2025-01-25 22:02:04,541 [DEBUG]  Running graph with inputs: {'__tracker__': <rasa.shared.core.trackers.DialogueStateTracker object at 0x2fe5e8850>}, targets: ['select_prediction'] and ExecutionContext(model_id='450cadfa4ff04a1ea7fec9d21a7ea6a9', should_add_diagnostic_data=False, is_finetuning=False, node_name=None).
2025-01-25 22:02:04,541 [DEBUG]  Node 'rule_only_data_provider' running 'RuleOnlyDataProvider.provide'.
2025-01-25 22:02:04,541 [DEBUG]  Node 'domain_provider' running 'DomainProvider.provide_inference'.
2025-01-25 22:02:04,541 [DEBUG]  Node 'run_MemoizationPolicy0' running 'MemoizationPolicy.predict_action_probabilities'.
2025-01-25 22:02:04,541 [DEBUG]  [[32m[1mdebug    [0m] [1mmemoization.predict.actions   [0m [36mtracker_states[0m=[35m[{'user': {'intent': 'ask_microservices_flexibility'}, 'prev_action': {'action_name': 'action_listen'}}, {'user': {'intent': 'ask_microservices_flexibility'}, 'prev_action': {'action_name': 'utter_microservices_flexibility'}}][0m
2025-01-25 22:02:04,542 [DEBUG]  There is a memorised next action 'action_listen'
2025-01-25 22:02:04,542 [DEBUG]  Node 'run_RulePolicy1' running 'RulePolicy.predict_action_probabilities'.
2025-01-25 22:02:04,542 [DEBUG]  [[32m[1mdebug    [0m] [1mrule_policy.actions.find      [0m [36mcurrent_states[0m=[35m
[state 1] user intent: greet | previous action name: action_listen
[state 2] user intent: greet | previous action name: utter_greet
[state 3] user intent: ask_architecture | previous action name: action_listen
[state 4] user intent: ask_architecture | previous action name: utter_architecture_response
[state 5] user intent: ask_microservices_flexibility | previous action name: action_listen
[state 6] user intent: ask_microservices_flexibility | previous action name: utter_microservices_flexibility[0m
2025-01-25 22:02:04,542 [DEBUG]  There is a rule for the next action 'action_listen'.
2025-01-25 22:02:04,542 [DEBUG]  Node 'run_TEDPolicy2' running 'TEDPolicy.predict_action_probabilities'.
2025-01-25 22:02:04,543 [DEBUG]  TED predicted 'action_listen' based on user intent.
2025-01-25 22:02:04,543 [DEBUG]  Node 'select_prediction' running 'DefaultPolicyPredictionEnsemble.combine_predictions_from_kwargs'.
2025-01-25 22:02:04,544 [DEBUG]  Predicted next action using RulePolicy.
2025-01-25 22:02:04,544 [DEBUG]  Predicted next action 'action_listen' with confidence 1.00.
2025-01-25 22:02:04,544 [DEBUG]  [[32m[1mdebug    [0m] [1mprocessor.actions.policy_prediction[0m [36mprediction_events[0m=[35m[][0m
2025-01-25 22:02:04,544 [DEBUG]  [[32m[1mdebug    [0m] [1mprocessor.actions.log         [0m [36maction_name[0m=[35maction_listen[0m [36mrasa_events[0m=[35m[][0m
2025-01-25 22:02:04,544 [DEBUG]  No event broker configured. Skipping streaming events.
2025-01-25 22:02:04,544 [DEBUG]  Deleted lock for conversation 'PractikumStudent'.
2025-01-25 22:02:14,350 [DEBUG]  Issuing ticket for conversation 'PractikumStudent'.
2025-01-25 22:02:14,350 [DEBUG]  Acquiring lock for conversation 'PractikumStudent'.
2025-01-25 22:02:14,350 [DEBUG]  Acquired lock for conversation 'PractikumStudent'.
2025-01-25 22:02:14,350 [DEBUG]  Recreating tracker for id 'PractikumStudent'
2025-01-25 22:02:14,353 [DEBUG]  Running graph with inputs: {'__message__': [<rasa.core.channels.channel.UserMessage object at 0x2fc10e6a0>], '__tracker__': <rasa.shared.core.trackers.DialogueStateTracker object at 0x2fafc7550>}, targets: ['run_RegexMessageHandler'] and ExecutionContext(model_id='450cadfa4ff04a1ea7fec9d21a7ea6a9', should_add_diagnostic_data=False, is_finetuning=False, node_name=None).
2025-01-25 22:02:14,354 [DEBUG]  Node 'nlu_message_converter' running 'NLUMessageConverter.convert_user_message'.
2025-01-25 22:02:14,354 [DEBUG]  Node 'run_WhitespaceTokenizer0' running 'WhitespaceTokenizer.process'.
2025-01-25 22:02:14,354 [DEBUG]  Node 'run_RegexFeaturizer1' running 'RegexFeaturizer.process'.
2025-01-25 22:02:14,354 [DEBUG]  Node 'run_LexicalSyntacticFeaturizer2' running 'LexicalSyntacticFeaturizer.process'.
2025-01-25 22:02:14,355 [DEBUG]  Node 'run_CountVectorsFeaturizer3' running 'CountVectorsFeaturizer.process'.
2025-01-25 22:02:14,356 [DEBUG]  Node 'run_LanguageModelFeaturizer4' running 'LanguageModelFeaturizer.process'.
2025-01-25 22:02:14,466 [DEBUG]  Node 'run_DIETClassifier5' running 'DIETClassifier.process'.
2025-01-25 22:02:14,468 [DEBUG]  Node 'run_EntitySynonymMapper6' running 'EntitySynonymMapper.process'.
2025-01-25 22:02:14,468 [DEBUG]  Node 'run_ResponseSelector7' running 'ResponseSelector.process'.
2025-01-25 22:02:14,468 [DEBUG]  There is no trained model for 'ResponseSelector': The component is either not trained or didn't receive enough training data.
2025-01-25 22:02:14,468 [DEBUG]  Adding following selector key to message property: default
2025-01-25 22:02:14,468 [DEBUG]  Node 'domain_provider' running 'DomainProvider.provide_inference'.
2025-01-25 22:02:14,468 [DEBUG]  Node 'run_RegexMessageHandler' running 'RegexMessageHandler.process'.
2025-01-25 22:02:14,468 [DEBUG]  [[32m[1mdebug    [0m] [1mprocessor.message.parse       [0m [36mparse_data_entities[0m=[35m[][0m [36mparse_data_intent[0m=[35m{'name': 'request_info', 'confidence': 0.5228288173675537}[0m [36mparse_data_text[0m=[35mМожно больше информации?[0m
2025-01-25 22:02:14,468 [DEBUG]  Logged UserUtterance - tracker now has 22 events.
2025-01-25 22:02:14,468 [DEBUG]  Validating extracted slots: topic
2025-01-25 22:02:14,469 [DEBUG]  [[32m[1mdebug    [0m] [1mprocessor.extract.slots       [0m [36maction_extract_slot[0m=[35maction_extract_slots[0m [36mlen_extraction_events[0m=[35m1[0m [36mrasa_events[0m=[35m[SlotSet(key: topic, value: Можно больше информации?)][0m
2025-01-25 22:02:14,469 [DEBUG]  Running graph with inputs: {'__tracker__': <rasa.shared.core.trackers.DialogueStateTracker object at 0x2fafc7550>}, targets: ['select_prediction'] and ExecutionContext(model_id='450cadfa4ff04a1ea7fec9d21a7ea6a9', should_add_diagnostic_data=False, is_finetuning=False, node_name=None).
2025-01-25 22:02:14,469 [DEBUG]  Node 'rule_only_data_provider' running 'RuleOnlyDataProvider.provide'.
2025-01-25 22:02:14,469 [DEBUG]  Node 'domain_provider' running 'DomainProvider.provide_inference'.
2025-01-25 22:02:14,469 [DEBUG]  Node 'run_MemoizationPolicy0' running 'MemoizationPolicy.predict_action_probabilities'.
2025-01-25 22:02:14,469 [DEBUG]  [[32m[1mdebug    [0m] [1mmemoization.predict.actions   [0m [36mtracker_states[0m=[35m[{'user': {'intent': 'ask_microservices_flexibility'}, 'prev_action': {'action_name': 'utter_microservices_flexibility'}}, {'user': {'intent': 'request_info'}, 'prev_action': {'action_name': 'action_listen'}}][0m
2025-01-25 22:02:14,469 [DEBUG]  There is no memorised next action
2025-01-25 22:02:14,469 [DEBUG]  Node 'run_RulePolicy1' running 'RulePolicy.predict_action_probabilities'.
2025-01-25 22:02:14,469 [DEBUG]  [[32m[1mdebug    [0m] [1mrule_policy.actions.find      [0m [36mcurrent_states[0m=[35m
[state 1] user intent: greet | previous action name: action_listen
[state 2] user intent: greet | previous action name: utter_greet
[state 3] user intent: ask_architecture | previous action name: action_listen
[state 4] user intent: ask_architecture | previous action name: utter_architecture_response
[state 5] user intent: ask_microservices_flexibility | previous action name: action_listen
[state 6] user intent: ask_microservices_flexibility | previous action name: utter_microservices_flexibility
[state 7] user text: Можно больше информации? | previous action name: action_listen[0m
2025-01-25 22:02:14,469 [DEBUG]  There is no applicable rule.
2025-01-25 22:02:14,470 [DEBUG]  [[32m[1mdebug    [0m] [1mrule_policy.actions.find      [0m [36mcurrent_states[0m=[35m
[state 1] user intent: greet | previous action name: action_listen
[state 2] user intent: greet | previous action name: utter_greet
[state 3] user intent: ask_architecture | previous action name: action_listen
[state 4] user intent: ask_architecture | previous action name: utter_architecture_response
[state 5] user intent: ask_microservices_flexibility | previous action name: action_listen
[state 6] user intent: ask_microservices_flexibility | previous action name: utter_microservices_flexibility
[state 7] user intent: request_info | previous action name: action_listen[0m
2025-01-25 22:02:14,470 [DEBUG]  There is a rule for the next action 'utter_ask_more'.
2025-01-25 22:02:14,470 [DEBUG]  Node 'run_TEDPolicy2' running 'TEDPolicy.predict_action_probabilities'.
2025-01-25 22:02:14,471 [DEBUG]  TED predicted 'utter_ask_more' based on user intent.
2025-01-25 22:02:14,471 [DEBUG]  Node 'select_prediction' running 'DefaultPolicyPredictionEnsemble.combine_predictions_from_kwargs'.
2025-01-25 22:02:14,472 [DEBUG]  Made prediction using user intent.
2025-01-25 22:02:14,472 [DEBUG]  Added `DefinePrevUserUtteredFeaturization(False)` event.
2025-01-25 22:02:14,472 [DEBUG]  Predicted next action using RulePolicy.
2025-01-25 22:02:14,472 [DEBUG]  Predicted next action 'utter_ask_more' with confidence 1.00.
2025-01-25 22:02:14,472 [DEBUG]  [[32m[1mdebug    [0m] [1mprocessor.actions.policy_prediction[0m [36mprediction_events[0m=[35m[<rasa.shared.core.events.DefinePrevUserUtteredFeaturization object at 0x2fb709b50>][0m
2025-01-25 22:02:14,472 [DEBUG]  [[32m[1mdebug    [0m] [1mprocessor.actions.log         [0m [36maction_name[0m=[35mutter_ask_more[0m [36mrasa_events[0m=[35m[BotUttered('Что именно вас интересует в архитектуре программного обеспечения?', {"elements": null, "quick_replies": null, "buttons": null, "attachment": null, "image": null, "custom": null}, {"utter_action": "utter_ask_more"}, 1737831734.4723158)][0m
2025-01-25 22:02:14,472 [DEBUG]  Running graph with inputs: {'__tracker__': <rasa.shared.core.trackers.DialogueStateTracker object at 0x2fafc7550>}, targets: ['select_prediction'] and ExecutionContext(model_id='450cadfa4ff04a1ea7fec9d21a7ea6a9', should_add_diagnostic_data=False, is_finetuning=False, node_name=None).
2025-01-25 22:02:14,472 [DEBUG]  Node 'rule_only_data_provider' running 'RuleOnlyDataProvider.provide'.
2025-01-25 22:02:14,472 [DEBUG]  Node 'domain_provider' running 'DomainProvider.provide_inference'.
2025-01-25 22:02:14,472 [DEBUG]  Node 'run_MemoizationPolicy0' running 'MemoizationPolicy.predict_action_probabilities'.
2025-01-25 22:02:14,472 [DEBUG]  [[32m[1mdebug    [0m] [1mmemoization.predict.actions   [0m [36mtracker_states[0m=[35m[{'user': {'intent': 'request_info'}, 'prev_action': {'action_name': 'action_listen'}}, {'user': {'intent': 'request_info'}, 'prev_action': {'action_name': 'utter_ask_more'}}][0m
2025-01-25 22:02:14,473 [DEBUG]  There is a memorised next action 'action_listen'
2025-01-25 22:02:14,473 [DEBUG]  Node 'run_RulePolicy1' running 'RulePolicy.predict_action_probabilities'.
2025-01-25 22:02:14,473 [DEBUG]  [[32m[1mdebug    [0m] [1mrule_policy.actions.find      [0m [36mcurrent_states[0m=[35m
[state 1] user intent: greet | previous action name: action_listen
[state 2] user intent: greet | previous action name: utter_greet
[state 3] user intent: ask_architecture | previous action name: action_listen
[state 4] user intent: ask_architecture | previous action name: utter_architecture_response
[state 5] user intent: ask_microservices_flexibility | previous action name: action_listen
[state 6] user intent: ask_microservices_flexibility | previous action name: utter_microservices_flexibility
[state 7] user intent: request_info | previous action name: action_listen
[state 8] user intent: request_info | previous action name: utter_ask_more[0m
2025-01-25 22:02:14,473 [DEBUG]  There is a rule for the next action 'action_listen'.
2025-01-25 22:02:14,473 [DEBUG]  Node 'run_TEDPolicy2' running 'TEDPolicy.predict_action_probabilities'.
2025-01-25 22:02:14,474 [DEBUG]  TED predicted 'action_listen' based on user intent.
2025-01-25 22:02:14,474 [DEBUG]  Node 'select_prediction' running 'DefaultPolicyPredictionEnsemble.combine_predictions_from_kwargs'.
2025-01-25 22:02:14,475 [DEBUG]  Predicted next action using RulePolicy.
2025-01-25 22:02:14,475 [DEBUG]  Predicted next action 'action_listen' with confidence 1.00.
2025-01-25 22:02:14,475 [DEBUG]  [[32m[1mdebug    [0m] [1mprocessor.actions.policy_prediction[0m [36mprediction_events[0m=[35m[][0m
2025-01-25 22:02:14,475 [DEBUG]  [[32m[1mdebug    [0m] [1mprocessor.actions.log         [0m [36maction_name[0m=[35maction_listen[0m [36mrasa_events[0m=[35m[][0m
2025-01-25 22:02:14,475 [DEBUG]  No event broker configured. Skipping streaming events.
2025-01-25 22:02:14,475 [DEBUG]  Deleted lock for conversation 'PractikumStudent'.
2025-01-25 22:02:23,106 [DEBUG]  Issuing ticket for conversation 'PractikumStudent'.
2025-01-25 22:02:23,107 [DEBUG]  Acquiring lock for conversation 'PractikumStudent'.
2025-01-25 22:02:23,107 [DEBUG]  Acquired lock for conversation 'PractikumStudent'.
2025-01-25 22:02:23,107 [DEBUG]  Recreating tracker for id 'PractikumStudent'
2025-01-25 22:02:23,111 [DEBUG]  Running graph with inputs: {'__message__': [<rasa.core.channels.channel.UserMessage object at 0x2fc10e6a0>], '__tracker__': <rasa.shared.core.trackers.DialogueStateTracker object at 0x2fb764310>}, targets: ['run_RegexMessageHandler'] and ExecutionContext(model_id='450cadfa4ff04a1ea7fec9d21a7ea6a9', should_add_diagnostic_data=False, is_finetuning=False, node_name=None).
2025-01-25 22:02:23,111 [DEBUG]  Node 'nlu_message_converter' running 'NLUMessageConverter.convert_user_message'.
2025-01-25 22:02:23,112 [DEBUG]  Node 'run_WhitespaceTokenizer0' running 'WhitespaceTokenizer.process'.
2025-01-25 22:02:23,112 [DEBUG]  Node 'run_RegexFeaturizer1' running 'RegexFeaturizer.process'.
2025-01-25 22:02:23,112 [DEBUG]  Node 'run_LexicalSyntacticFeaturizer2' running 'LexicalSyntacticFeaturizer.process'.
2025-01-25 22:02:23,113 [DEBUG]  Node 'run_CountVectorsFeaturizer3' running 'CountVectorsFeaturizer.process'.
2025-01-25 22:02:23,114 [DEBUG]  Node 'run_LanguageModelFeaturizer4' running 'LanguageModelFeaturizer.process'.
2025-01-25 22:02:23,228 [DEBUG]  Node 'run_DIETClassifier5' running 'DIETClassifier.process'.
2025-01-25 22:02:23,230 [DEBUG]  Node 'run_EntitySynonymMapper6' running 'EntitySynonymMapper.process'.
2025-01-25 22:02:23,230 [DEBUG]  Node 'run_ResponseSelector7' running 'ResponseSelector.process'.
2025-01-25 22:02:23,230 [DEBUG]  There is no trained model for 'ResponseSelector': The component is either not trained or didn't receive enough training data.
2025-01-25 22:02:23,230 [DEBUG]  Adding following selector key to message property: default
2025-01-25 22:02:23,230 [DEBUG]  Node 'domain_provider' running 'DomainProvider.provide_inference'.
2025-01-25 22:02:23,230 [DEBUG]  Node 'run_RegexMessageHandler' running 'RegexMessageHandler.process'.
2025-01-25 22:02:23,230 [DEBUG]  [[32m[1mdebug    [0m] [1mprocessor.message.parse       [0m [36mparse_data_entities[0m=[35m[][0m [36mparse_data_intent[0m=[35m{'name': 'ask_monolith_to_microservices', 'confidence': 0.4574296772480011}[0m [36mparse_data_text[0m=[35mЧто нужно для миграции монолита на микросервисы?[0m
2025-01-25 22:02:23,230 [DEBUG]  Logged UserUtterance - tracker now has 28 events.
2025-01-25 22:02:23,230 [DEBUG]  Validating extracted slots: topic
2025-01-25 22:02:23,230 [DEBUG]  [[32m[1mdebug    [0m] [1mprocessor.extract.slots       [0m [36maction_extract_slot[0m=[35maction_extract_slots[0m [36mlen_extraction_events[0m=[35m1[0m [36mrasa_events[0m=[35m[SlotSet(key: topic, value: Что нужно для миграции монолита на микросервисы?)][0m
2025-01-25 22:02:23,230 [DEBUG]  Running graph with inputs: {'__tracker__': <rasa.shared.core.trackers.DialogueStateTracker object at 0x2fb764310>}, targets: ['select_prediction'] and ExecutionContext(model_id='450cadfa4ff04a1ea7fec9d21a7ea6a9', should_add_diagnostic_data=False, is_finetuning=False, node_name=None).
2025-01-25 22:02:23,231 [DEBUG]  Node 'rule_only_data_provider' running 'RuleOnlyDataProvider.provide'.
2025-01-25 22:02:23,231 [DEBUG]  Node 'domain_provider' running 'DomainProvider.provide_inference'.
2025-01-25 22:02:23,231 [DEBUG]  Node 'run_MemoizationPolicy0' running 'MemoizationPolicy.predict_action_probabilities'.
2025-01-25 22:02:23,231 [DEBUG]  [[32m[1mdebug    [0m] [1mmemoization.predict.actions   [0m [36mtracker_states[0m=[35m[{'user': {'intent': 'request_info'}, 'prev_action': {'action_name': 'utter_ask_more'}}, {'user': {'intent': 'ask_monolith_to_microservices'}, 'prev_action': {'action_name': 'action_listen'}}][0m
2025-01-25 22:02:23,231 [DEBUG]  There is no memorised next action
2025-01-25 22:02:23,231 [DEBUG]  Node 'run_RulePolicy1' running 'RulePolicy.predict_action_probabilities'.
2025-01-25 22:02:23,231 [DEBUG]  [[32m[1mdebug    [0m] [1mrule_policy.actions.find      [0m [36mcurrent_states[0m=[35m
[state 1] user intent: greet | previous action name: action_listen
[state 2] user intent: greet | previous action name: utter_greet
[state 3] user intent: ask_architecture | previous action name: action_listen
[state 4] user intent: ask_architecture | previous action name: utter_architecture_response
[state 5] user intent: ask_microservices_flexibility | previous action name: action_listen
[state 6] user intent: ask_microservices_flexibility | previous action name: utter_microservices_flexibility
[state 7] user intent: request_info | previous action name: action_listen
[state 8] user intent: request_info | previous action name: utter_ask_more
[state 9] user text: Что нужно для миграции монолита на микросервисы? | previous action name: action_listen[0m
2025-01-25 22:02:23,231 [DEBUG]  There is no applicable rule.
2025-01-25 22:02:23,231 [DEBUG]  [[32m[1mdebug    [0m] [1mrule_policy.actions.find      [0m [36mcurrent_states[0m=[35m
[state 1] user intent: greet | previous action name: action_listen
[state 2] user intent: greet | previous action name: utter_greet
[state 3] user intent: ask_architecture | previous action name: action_listen
[state 4] user intent: ask_architecture | previous action name: utter_architecture_response
[state 5] user intent: ask_microservices_flexibility | previous action name: action_listen
[state 6] user intent: ask_microservices_flexibility | previous action name: utter_microservices_flexibility
[state 7] user intent: request_info | previous action name: action_listen
[state 8] user intent: request_info | previous action name: utter_ask_more
[state 9] user intent: ask_monolith_to_microservices | previous action name: action_listen[0m
2025-01-25 22:02:23,231 [DEBUG]  There is a rule for the next action 'utter_monolith_to_microservices'.
2025-01-25 22:02:23,232 [DEBUG]  Node 'run_TEDPolicy2' running 'TEDPolicy.predict_action_probabilities'.
2025-01-25 22:02:23,233 [DEBUG]  TED predicted 'utter_monolith_to_microservices' based on user intent.
2025-01-25 22:02:23,233 [DEBUG]  Node 'select_prediction' running 'DefaultPolicyPredictionEnsemble.combine_predictions_from_kwargs'.
2025-01-25 22:02:23,233 [DEBUG]  Made prediction using user intent.
2025-01-25 22:02:23,233 [DEBUG]  Added `DefinePrevUserUtteredFeaturization(False)` event.
2025-01-25 22:02:23,233 [DEBUG]  Predicted next action using RulePolicy.
2025-01-25 22:02:23,233 [DEBUG]  Predicted next action 'utter_monolith_to_microservices' with confidence 1.00.
2025-01-25 22:02:23,234 [DEBUG]  [[32m[1mdebug    [0m] [1mprocessor.actions.policy_prediction[0m [36mprediction_events[0m=[35m[<rasa.shared.core.events.DefinePrevUserUtteredFeaturization object at 0x2fb709c70>][0m
2025-01-25 22:02:23,234 [DEBUG]  [[32m[1mdebug    [0m] [1mprocessor.actions.log         [0m [36maction_name[0m=[35mutter_monolith_to_microservices[0m [36mrasa_events[0m=[35m[BotUttered('Для перехода с монолита на микросервисы необходимо выделить независимые модули, организовать их взаимодействие через API и использовать такие инструменты, как Kubernetes и Docker.', {"elements": null, "quick_replies": null, "buttons": null, "attachment": null, "image": null, "custom": null}, {"utter_action": "utter_monolith_to_microservices"}, 1737831743.234045)][0m
2025-01-25 22:02:23,234 [DEBUG]  Running graph with inputs: {'__tracker__': <rasa.shared.core.trackers.DialogueStateTracker object at 0x2fb764310>}, targets: ['select_prediction'] and ExecutionContext(model_id='450cadfa4ff04a1ea7fec9d21a7ea6a9', should_add_diagnostic_data=False, is_finetuning=False, node_name=None).
2025-01-25 22:02:23,234 [DEBUG]  Node 'rule_only_data_provider' running 'RuleOnlyDataProvider.provide'.
2025-01-25 22:02:23,234 [DEBUG]  Node 'domain_provider' running 'DomainProvider.provide_inference'.
2025-01-25 22:02:23,234 [DEBUG]  Node 'run_MemoizationPolicy0' running 'MemoizationPolicy.predict_action_probabilities'.
2025-01-25 22:02:23,234 [DEBUG]  [[32m[1mdebug    [0m] [1mmemoization.predict.actions   [0m [36mtracker_states[0m=[35m[{'user': {'intent': 'ask_monolith_to_microservices'}, 'prev_action': {'action_name': 'action_listen'}}, {'user': {'intent': 'ask_monolith_to_microservices'}, 'prev_action': {'action_name': 'utter_monolith_to_microservices'}}][0m
2025-01-25 22:02:23,234 [DEBUG]  There is a memorised next action 'action_listen'
2025-01-25 22:02:23,234 [DEBUG]  Node 'run_RulePolicy1' running 'RulePolicy.predict_action_probabilities'.
2025-01-25 22:02:23,235 [DEBUG]  [[32m[1mdebug    [0m] [1mrule_policy.actions.find      [0m [36mcurrent_states[0m=[35m
[state 1] user intent: greet | previous action name: action_listen
[state 2] user intent: greet | previous action name: utter_greet
[state 3] user intent: ask_architecture | previous action name: action_listen
[state 4] user intent: ask_architecture | previous action name: utter_architecture_response
[state 5] user intent: ask_microservices_flexibility | previous action name: action_listen
[state 6] user intent: ask_microservices_flexibility | previous action name: utter_microservices_flexibility
[state 7] user intent: request_info | previous action name: action_listen
[state 8] user intent: request_info | previous action name: utter_ask_more
[state 9] user intent: ask_monolith_to_microservices | previous action name: action_listen
[state 10] user intent: ask_monolith_to_microservices | previous action name: utter_monolith_to_microservices[0m
2025-01-25 22:02:23,235 [DEBUG]  There is a rule for the next action 'action_listen'.
2025-01-25 22:02:23,235 [DEBUG]  Node 'run_TEDPolicy2' running 'TEDPolicy.predict_action_probabilities'.
2025-01-25 22:02:23,236 [DEBUG]  TED predicted 'action_listen' based on user intent.
2025-01-25 22:02:23,236 [DEBUG]  Node 'select_prediction' running 'DefaultPolicyPredictionEnsemble.combine_predictions_from_kwargs'.
2025-01-25 22:02:23,236 [DEBUG]  Predicted next action using RulePolicy.
2025-01-25 22:02:23,236 [DEBUG]  Predicted next action 'action_listen' with confidence 1.00.
2025-01-25 22:02:23,236 [DEBUG]  [[32m[1mdebug    [0m] [1mprocessor.actions.policy_prediction[0m [36mprediction_events[0m=[35m[][0m
2025-01-25 22:02:23,237 [DEBUG]  [[32m[1mdebug    [0m] [1mprocessor.actions.log         [0m [36maction_name[0m=[35maction_listen[0m [36mrasa_events[0m=[35m[][0m
2025-01-25 22:02:23,237 [DEBUG]  No event broker configured. Skipping streaming events.
2025-01-25 22:02:23,237 [DEBUG]  Deleted lock for conversation 'PractikumStudent'.
2025-01-25 22:02:31,166 [DEBUG]  Issuing ticket for conversation 'PractikumStudent'.
2025-01-25 22:02:31,166 [DEBUG]  Acquiring lock for conversation 'PractikumStudent'.
2025-01-25 22:02:31,166 [DEBUG]  Acquired lock for conversation 'PractikumStudent'.
2025-01-25 22:02:31,166 [DEBUG]  Recreating tracker for id 'PractikumStudent'
2025-01-25 22:02:31,170 [DEBUG]  Running graph with inputs: {'__message__': [<rasa.core.channels.channel.UserMessage object at 0x2fc10e6a0>], '__tracker__': <rasa.shared.core.trackers.DialogueStateTracker object at 0x2fb764310>}, targets: ['run_RegexMessageHandler'] and ExecutionContext(model_id='450cadfa4ff04a1ea7fec9d21a7ea6a9', should_add_diagnostic_data=False, is_finetuning=False, node_name=None).
2025-01-25 22:02:31,171 [DEBUG]  Node 'nlu_message_converter' running 'NLUMessageConverter.convert_user_message'.
2025-01-25 22:02:31,171 [DEBUG]  Node 'run_WhitespaceTokenizer0' running 'WhitespaceTokenizer.process'.
2025-01-25 22:02:31,171 [DEBUG]  Node 'run_RegexFeaturizer1' running 'RegexFeaturizer.process'.
2025-01-25 22:02:31,171 [DEBUG]  Node 'run_LexicalSyntacticFeaturizer2' running 'LexicalSyntacticFeaturizer.process'.
2025-01-25 22:02:31,172 [DEBUG]  Node 'run_CountVectorsFeaturizer3' running 'CountVectorsFeaturizer.process'.
2025-01-25 22:02:31,173 [DEBUG]  Node 'run_LanguageModelFeaturizer4' running 'LanguageModelFeaturizer.process'.
2025-01-25 22:02:31,277 [DEBUG]  Node 'run_DIETClassifier5' running 'DIETClassifier.process'.
2025-01-25 22:02:31,279 [DEBUG]  Node 'run_EntitySynonymMapper6' running 'EntitySynonymMapper.process'.
2025-01-25 22:02:31,279 [DEBUG]  Node 'run_ResponseSelector7' running 'ResponseSelector.process'.
2025-01-25 22:02:31,279 [DEBUG]  There is no trained model for 'ResponseSelector': The component is either not trained or didn't receive enough training data.
2025-01-25 22:02:31,279 [DEBUG]  Adding following selector key to message property: default
2025-01-25 22:02:31,279 [DEBUG]  Node 'domain_provider' running 'DomainProvider.provide_inference'.
2025-01-25 22:02:31,279 [DEBUG]  Node 'run_RegexMessageHandler' running 'RegexMessageHandler.process'.
2025-01-25 22:02:31,279 [DEBUG]  [[32m[1mdebug    [0m] [1mprocessor.message.parse       [0m [36mparse_data_entities[0m=[35m[][0m [36mparse_data_intent[0m=[35m{'name': 'goodbye', 'confidence': 0.5625271797180176}[0m [36mparse_data_text[0m=[35mСпасибо за информацию[0m
2025-01-25 22:02:31,279 [DEBUG]  Logged UserUtterance - tracker now has 34 events.
2025-01-25 22:02:31,280 [DEBUG]  Validating extracted slots: topic
2025-01-25 22:02:31,280 [DEBUG]  [[32m[1mdebug    [0m] [1mprocessor.extract.slots       [0m [36maction_extract_slot[0m=[35maction_extract_slots[0m [36mlen_extraction_events[0m=[35m1[0m [36mrasa_events[0m=[35m[SlotSet(key: topic, value: Спасибо за информацию)][0m
2025-01-25 22:02:31,280 [DEBUG]  Running graph with inputs: {'__tracker__': <rasa.shared.core.trackers.DialogueStateTracker object at 0x2fb764310>}, targets: ['select_prediction'] and ExecutionContext(model_id='450cadfa4ff04a1ea7fec9d21a7ea6a9', should_add_diagnostic_data=False, is_finetuning=False, node_name=None).
2025-01-25 22:02:31,280 [DEBUG]  Node 'rule_only_data_provider' running 'RuleOnlyDataProvider.provide'.
2025-01-25 22:02:31,280 [DEBUG]  Node 'domain_provider' running 'DomainProvider.provide_inference'.
2025-01-25 22:02:31,280 [DEBUG]  Node 'run_MemoizationPolicy0' running 'MemoizationPolicy.predict_action_probabilities'.
2025-01-25 22:02:31,280 [DEBUG]  [[32m[1mdebug    [0m] [1mmemoization.predict.actions   [0m [36mtracker_states[0m=[35m[{'user': {'intent': 'ask_monolith_to_microservices'}, 'prev_action': {'action_name': 'utter_monolith_to_microservices'}}, {'user': {'intent': 'goodbye'}, 'prev_action': {'action_name': 'action_listen'}}][0m
2025-01-25 22:02:31,280 [DEBUG]  There is no memorised next action
2025-01-25 22:02:31,280 [DEBUG]  Node 'run_RulePolicy1' running 'RulePolicy.predict_action_probabilities'.
2025-01-25 22:02:31,281 [DEBUG]  [[32m[1mdebug    [0m] [1mrule_policy.actions.find      [0m [36mcurrent_states[0m=[35m
[state 1] user intent: greet | previous action name: action_listen
[state 2] user intent: greet | previous action name: utter_greet
[state 3] user intent: ask_architecture | previous action name: action_listen
[state 4] user intent: ask_architecture | previous action name: utter_architecture_response
[state 5] user intent: ask_microservices_flexibility | previous action name: action_listen
[state 6] user intent: ask_microservices_flexibility | previous action name: utter_microservices_flexibility
[state 7] user intent: request_info | previous action name: action_listen
[state 8] user intent: request_info | previous action name: utter_ask_more
[state 9] user intent: ask_monolith_to_microservices | previous action name: action_listen
[state 10] user intent: ask_monolith_to_microservices | previous action name: utter_monolith_to_microservices
[state 11] user text: Спасибо за информацию | previous action name: action_listen[0m
2025-01-25 22:02:31,281 [DEBUG]  There is no applicable rule.
2025-01-25 22:02:31,281 [DEBUG]  [[32m[1mdebug    [0m] [1mrule_policy.actions.find      [0m [36mcurrent_states[0m=[35m
[state 1] user intent: greet | previous action name: action_listen
[state 2] user intent: greet | previous action name: utter_greet
[state 3] user intent: ask_architecture | previous action name: action_listen
[state 4] user intent: ask_architecture | previous action name: utter_architecture_response
[state 5] user intent: ask_microservices_flexibility | previous action name: action_listen
[state 6] user intent: ask_microservices_flexibility | previous action name: utter_microservices_flexibility
[state 7] user intent: request_info | previous action name: action_listen
[state 8] user intent: request_info | previous action name: utter_ask_more
[state 9] user intent: ask_monolith_to_microservices | previous action name: action_listen
[state 10] user intent: ask_monolith_to_microservices | previous action name: utter_monolith_to_microservices
[state 11] user intent: goodbye | previous action name: action_listen[0m
2025-01-25 22:02:31,281 [DEBUG]  There is a rule for the next action 'utter_goodbye'.
2025-01-25 22:02:31,281 [DEBUG]  Node 'run_TEDPolicy2' running 'TEDPolicy.predict_action_probabilities'.
2025-01-25 22:02:31,283 [DEBUG]  TED predicted 'utter_goodbye' based on user intent.
2025-01-25 22:02:31,283 [DEBUG]  Node 'select_prediction' running 'DefaultPolicyPredictionEnsemble.combine_predictions_from_kwargs'.
2025-01-25 22:02:31,283 [DEBUG]  Made prediction using user intent.
2025-01-25 22:02:31,283 [DEBUG]  Added `DefinePrevUserUtteredFeaturization(False)` event.
2025-01-25 22:02:31,283 [DEBUG]  Predicted next action using RulePolicy.
2025-01-25 22:02:31,283 [DEBUG]  Predicted next action 'utter_goodbye' with confidence 1.00.
2025-01-25 22:02:31,283 [DEBUG]  [[32m[1mdebug    [0m] [1mprocessor.actions.policy_prediction[0m [36mprediction_events[0m=[35m[<rasa.shared.core.events.DefinePrevUserUtteredFeaturization object at 0x2fb709760>][0m
2025-01-25 22:02:31,283 [DEBUG]  [[32m[1mdebug    [0m] [1mprocessor.actions.log         [0m [36maction_name[0m=[35mutter_goodbye[0m [36mrasa_events[0m=[35m[BotUttered('До свидания! Если появятся вопросы по архитектуре ПО, обращайтесь.', {"elements": null, "quick_replies": null, "buttons": null, "attachment": null, "image": null, "custom": null}, {"utter_action": "utter_goodbye"}, 1737831751.283597)][0m
2025-01-25 22:02:31,283 [DEBUG]  Running graph with inputs: {'__tracker__': <rasa.shared.core.trackers.DialogueStateTracker object at 0x2fb764310>}, targets: ['select_prediction'] and ExecutionContext(model_id='450cadfa4ff04a1ea7fec9d21a7ea6a9', should_add_diagnostic_data=False, is_finetuning=False, node_name=None).
2025-01-25 22:02:31,283 [DEBUG]  Node 'rule_only_data_provider' running 'RuleOnlyDataProvider.provide'.
2025-01-25 22:02:31,284 [DEBUG]  Node 'domain_provider' running 'DomainProvider.provide_inference'.
2025-01-25 22:02:31,284 [DEBUG]  Node 'run_MemoizationPolicy0' running 'MemoizationPolicy.predict_action_probabilities'.
2025-01-25 22:02:31,284 [DEBUG]  [[32m[1mdebug    [0m] [1mmemoization.predict.actions   [0m [36mtracker_states[0m=[35m[{'user': {'intent': 'goodbye'}, 'prev_action': {'action_name': 'action_listen'}}, {'user': {'intent': 'goodbye'}, 'prev_action': {'action_name': 'utter_goodbye'}}][0m
2025-01-25 22:02:31,284 [DEBUG]  There is a memorised next action 'action_listen'
2025-01-25 22:02:31,284 [DEBUG]  Node 'run_RulePolicy1' running 'RulePolicy.predict_action_probabilities'.
2025-01-25 22:02:31,284 [DEBUG]  [[32m[1mdebug    [0m] [1mrule_policy.actions.find      [0m [36mcurrent_states[0m=[35m
[state 1] user intent: greet | previous action name: action_listen
[state 2] user intent: greet | previous action name: utter_greet
[state 3] user intent: ask_architecture | previous action name: action_listen
[state 4] user intent: ask_architecture | previous action name: utter_architecture_response
[state 5] user intent: ask_microservices_flexibility | previous action name: action_listen
[state 6] user intent: ask_microservices_flexibility | previous action name: utter_microservices_flexibility
[state 7] user intent: request_info | previous action name: action_listen
[state 8] user intent: request_info | previous action name: utter_ask_more
[state 9] user intent: ask_monolith_to_microservices | previous action name: action_listen
[state 10] user intent: ask_monolith_to_microservices | previous action name: utter_monolith_to_microservices
[state 11] user intent: goodbye | previous action name: action_listen
[state 12] user intent: goodbye | previous action name: utter_goodbye[0m
2025-01-25 22:02:31,284 [DEBUG]  There is a rule for the next action 'action_listen'.
2025-01-25 22:02:31,284 [DEBUG]  Node 'run_TEDPolicy2' running 'TEDPolicy.predict_action_probabilities'.
2025-01-25 22:02:31,286 [DEBUG]  TED predicted 'action_listen' based on user intent.
2025-01-25 22:02:31,286 [DEBUG]  Node 'select_prediction' running 'DefaultPolicyPredictionEnsemble.combine_predictions_from_kwargs'.
2025-01-25 22:02:31,286 [DEBUG]  Predicted next action using RulePolicy.
2025-01-25 22:02:31,286 [DEBUG]  Predicted next action 'action_listen' with confidence 1.00.
2025-01-25 22:02:31,286 [DEBUG]  [[32m[1mdebug    [0m] [1mprocessor.actions.policy_prediction[0m [36mprediction_events[0m=[35m[][0m
2025-01-25 22:02:31,286 [DEBUG]  [[32m[1mdebug    [0m] [1mprocessor.actions.log         [0m [36maction_name[0m=[35maction_listen[0m [36mrasa_events[0m=[35m[][0m
2025-01-25 22:02:31,286 [DEBUG]  No event broker configured. Skipping streaming events.
2025-01-25 22:02:31,287 [DEBUG]  Deleted lock for conversation 'PractikumStudent'.
